--------------------------------------------------------------------------------------
Timing Analyzer Summary
--------------------------------------------------------------------------------------

Type           : Worst-case tsu
Slack          : N/A
Required Time  : None
Actual Time    : 5.950 ns
From           : iterations[1]
To             : lpm_counter3:inst31|lpm_counter:lpm_counter_component|cntr_auj:auto_generated|safe_q[0]
From Clock     : --
To Clock       : inc_clk
Failed Paths   : 0

Type           : Worst-case tco
Slack          : N/A
Required Time  : None
Actual Time    : 8.025 ns
From           : lpm_counter3:inst31|lpm_counter:lpm_counter_component|cntr_auj:auto_generated|safe_q[1]
To             : ADDR_OUT[1]
From Clock     : inc_clk
To Clock       : --
Failed Paths   : 0

Type           : Worst-case tpd
Slack          : N/A
Required Time  : None
Actual Time    : 10.717 ns
From           : Reg/Mem
To             : DataOut[5]
From Clock     : --
To Clock       : --
Failed Paths   : 0

Type           : Worst-case th
Slack          : N/A
Required Time  : None
Actual Time    : -2.486 ns
From           : ROM_addr[0]
To             : lpm_counter3:inst31|lpm_counter:lpm_counter_component|cntr_auj:auto_generated|safe_q[0]
From Clock     : --
To Clock       : inc_clk
Failed Paths   : 0

Type           : Clock Setup: 'Reg_clk'
Slack          : N/A
Required Time  : None
Actual Time    : 434.22 MHz ( period = 2.303 ns )
From           : lpm_ff2:inst6|lpm_ff:lpm_ff_component|dffs[0]
To             : lpm_ff2:inst6|lpm_ff:lpm_ff_component|dffs[0]
From Clock     : Reg_clk
To Clock       : Reg_clk
Failed Paths   : 0

Type           : Clock Setup: 'clock'
Slack          : N/A
Required Time  : None
Actual Time    : 460.19 MHz ( period = 2.173 ns )
From           : lpm_rom:inst2|altrom:srom|altsyncram:rom_block|altsyncram_6mv:auto_generated|q_a[4]
To             : lpm_ram_io:inst1|altram:sram|altsyncram:ram_block|altsyncram_g891:auto_generated|ram_block1a0~porta_datain_reg4
From Clock     : clock
To Clock       : clock
Failed Paths   : 0

Type           : Clock Setup: 'dec_clk'
Slack          : N/A
Required Time  : None
Actual Time    : Restricted to 500.00 MHz ( period = 2.000 ns )
From           : lpm_counter2:inst28|lpm_counter:lpm_counter_component|cntr_6li:auto_generated|safe_q[0]
To             : lpm_counter2:inst28|lpm_counter:lpm_counter_component|cntr_6li:auto_generated|safe_q[2]
From Clock     : dec_clk
To Clock       : dec_clk
Failed Paths   : 0

Type           : Clock Setup: 'inc_clk'
Slack          : N/A
Required Time  : None
Actual Time    : Restricted to 500.00 MHz ( period = 2.000 ns )
From           : lpm_counter3:inst31|lpm_counter:lpm_counter_component|cntr_auj:auto_generated|safe_q[0]
To             : lpm_counter3:inst31|lpm_counter:lpm_counter_component|cntr_auj:auto_generated|safe_q[3]
From Clock     : inc_clk
To Clock       : inc_clk
Failed Paths   : 0

Type           : Total number of failed paths
Slack          : 
Required Time  : 
Actual Time    : 
From           : 
To             : 
From Clock     : 
To Clock       : 
Failed Paths   : 0

--------------------------------------------------------------------------------------

