--------------------------------------------------------------------------------------
Timing Analyzer Summary
--------------------------------------------------------------------------------------

Type           : Worst-case tsu
Slack          : N/A
Required Time  : None
Actual Time    : 3.901 ns
From           : Load/Read
To             : lpm_ff5:Register_2|lpm_ff:lpm_ff_component|dffs[5]
From Clock     : --
To Clock       : CLK
Failed Paths   : 0

Type           : Worst-case tco
Slack          : N/A
Required Time  : None
Actual Time    : 7.245 ns
From           : lpm_ff5:Register_1|lpm_ff:lpm_ff_component|dffs[7]
To             : reg_1[7]
From Clock     : CLK
To Clock       : --
Failed Paths   : 0

Type           : Worst-case tpd
Slack          : N/A
Required Time  : None
Actual Time    : 9.043 ns
From           : Load/Read
To             : DataOUT[6]
From Clock     : --
To Clock       : --
Failed Paths   : 0

Type           : Worst-case th
Slack          : N/A
Required Time  : None
Actual Time    : -2.031 ns
From           : DataIN[4]
To             : lpm_ff5:Register_2|lpm_ff:lpm_ff_component|dffs[4]
From Clock     : --
To Clock       : CLK
Failed Paths   : 0

Type           : Total number of failed paths
Slack          : 
Required Time  : 
Actual Time    : 
From           : 
To             : 
From Clock     : 
To Clock       : 
Failed Paths   : 0

--------------------------------------------------------------------------------------

